gzk
love mq
